18:27:06:346 |ERROR  |  Process item: Item1
18:27:06:352 |ERROR  |  Process item: Item2
18:27:06:355 |ERROR  |  Process item: Item3
18:27:06:358 |ERROR  |  Process item: Item4
18:27:06:361 |ERROR  |  Process item: Item5
18:27:06:364 |WARNING|  Process item: Item6
18:27:06:368 |ERROR  |  Process item: Item7
18:27:06:371 |ERROR  |  Process item: Item8
18:27:06:374 |WARNING|  Process item: Item9
18:27:06:377 |ERROR  |  Process item: Item10
18:27:14:603 |ERROR  |  Process item: Item1
18:27:14:605 |ERROR  |  Process item: Item2
18:27:14:608 |WARNING|  Process item: Item3
18:27:14:612 |WARNING|  Process item: Item4
18:27:14:615 |WARNING|  Process item: Item5
18:27:14:622 |INFO   |  Process item: Item6
18:27:14:625 |ERROR  |  Process item: Item7
18:27:14:629 |WARNING|  Process item: Item8
18:27:14:632 |ERROR  |  Process item: Item9
18:27:14:637 |ERROR  |  Process item: Item10
18:27:35:871 |WARNING|  Process item: Item1
18:27:35:877 |ERROR  |  Process item: Item2
18:27:35:880 |WARNING|  Process item: Item3
18:27:35:884 |ERROR  |  Process item: Item4
18:27:35:887 |WARNING|  Process item: Item5
18:27:35:891 |WARNING|  Process item: Item6
18:27:35:894 |WARNING|  Process item: Item7
18:27:35:904 |WARNING|  Process item: Item8
18:27:35:907 |ERROR  |  Process item: Item9
18:27:35:911 |WARNING|  Process item: Item10
18:27:38:003 |WARNING|  Process item: Item1
18:27:38:006 |WARNING|  Process item: Item2
18:27:38:010 |WARNING|  Process item: Item3
18:27:38:013 |INFO   |  Process item: Item4
18:27:38:016 |ERROR  |  Process item: Item5
18:27:38:019 |WARNING|  Process item: Item6
18:27:38:021 |INFO   |  Process item: Item7
18:27:38:023 |WARNING|  Process item: Item8
18:27:38:026 |INFO   |  Process item: Item9
18:27:38:029 |INFO   |  Process item: Item10
18:28:30:917 |WARNING|  Process item: Item1
18:28:30:920 |WARNING|  Process item: Item2
18:28:30:923 |SUCCESS|  Process item: Item3
18:28:30:925 |WARNING|  Process item: Item4
18:28:30:928 |WARNING|  Process item: Item5
18:28:30:931 |WARNING|  Process item: Item6
18:28:30:934 |ERROR  |  Process item: Item7
18:28:30:939 |ERROR  |  Process item: Item8
18:28:30:942 |WARNING|  Process item: Item9
18:28:30:946 |ERROR  |  Process item: Item10
18:28:32:146 |WARNING|  Process item: Item1
18:28:32:150 |ERROR  |  Process item: Item2
18:28:32:153 |SUCCESS|  Process item: Item3
18:28:32:156 |ERROR  |  Process item: Item4
18:28:32:158 |INFO   |  Process item: Item5
18:28:32:162 |WARNING|  Process item: Item6
18:28:32:165 |ERROR  |  Process item: Item7
18:28:32:168 |SUCCESS|  Process item: Item8
18:28:32:172 |INFO   |  Process item: Item9
18:28:32:176 |INFO   |  Process item: Item10
